============================= test session starts =============================
platform win32 -- Python 3.12.10, pytest-8.4.1, pluggy-1.6.0 -- C:\Users\santa\OneDrive\UNESP\Pesquisa Canabidiol\Codigos_Programas\ZebTrack-AI\.venv\Scripts\python.exe
cachedir: .pytest_cache
rootdir: C:\Users\santa\OneDrive\UNESP\Pesquisa Canabidiol\Codigos_Programas\ZebTrack-AI
configfile: pytest.ini
plugins: anyio-4.11.0, cov-6.3.0, xdist-3.8.0
created: 4/4 workers
4 workers [1 item]

scheduling tests via LoadScheduling

tests/core/test_video_processing_service_tracking.py::TestRunTrackingIfNeeded::test_processes_video_frames 
[gw0] FAILED tests/core/test_video_processing_service_tracking.py::TestRunTrackingIfNeeded::test_processes_video_frames 

================================== FAILURES ===================================
_____________ TestRunTrackingIfNeeded.test_processes_video_frames _____________
[gw0] win32 -- Python 3.12.10 C:\Users\santa\OneDrive\UNESP\Pesquisa Canabidiol\Codigos_Programas\ZebTrack-AI\.venv\Scripts\python.exe
tests\core\test_video_processing_service_tracking.py:189: in test_processes_video_frames
    assert video_processing_service.detector.detect.call_count == 3
E   AssertionError: assert 0 == 3
E    +  where 0 = <Mock name='mock.detect' id='2052737997360'>.call_count
E    +    where <Mock name='mock.detect' id='2052737997360'> = <Mock id='2052737997312'>.detect
E    +      where <Mock id='2052737997312'> = <zebtrack.core.video_processing_service.VideoProcessingService object at 0x000001DDC4918500>.detector
=========================== short test summary info ===========================
FAILED tests/core/test_video_processing_service_tracking.py::TestRunTrackingIfNeeded::test_processes_video_frames
!!!!!!!!!!!!!!!!!!!!!!!!!! stopping after 1 failures !!!!!!!!!!!!!!!!!!!!!!!!!!
!!!!!!!!!!!! xdist.dsession.Interrupted: stopping after 1 failures !!!!!!!!!!!!
============================= 1 failed in 15.57s ==============================
